
> frontend@0.0.0 build
> vite build

[36mvite v5.4.21 [32mbuilding for production...[36m[39m

/index.css doesn't exist at build time, it will remain unchanged to be resolved at runtime
transforming...
[32m✓[39m 354 modules transformed.
[31mx[39m Build failed in 1.63s
[31merror during build:
[31m[vite]: Rollup failed to resolve import "/assets/logo-light.png" from "C:/Users/AbhiramJella/Downloads/employee-certification-portal-Voucher-lk/employee-certification-portal-Voucher/certification portal/frontend/src/components/Logo.tsx".
This is most likely unintended because it can break your application at runtime.
If you do want to externalize this module explicitly add it to
`build.rollupOptions.external`[31m
    at viteWarn (file:///C:/Users/AbhiramJella/Downloads/employee-certification-portal-Voucher-lk/employee-certification-portal-Voucher/certification%20portal/node_modules/vite/dist/node/chunks/dep-BK3b2jBa.js:65855:17)
    at onwarn (file:///C:/Users/AbhiramJella/Downloads/employee-certification-portal-Voucher-lk/employee-certification-portal-Voucher/certification%20portal/node_modules/@vitejs/plugin-react/dist/index.js:90:7)
    at onRollupWarning (file:///C:/Users/AbhiramJella/Downloads/employee-certification-portal-Voucher-lk/employee-certification-portal-Voucher/certification%20portal/node_modules/vite/dist/node/chunks/dep-BK3b2jBa.js:65885:5)
    at onwarn (file:///C:/Users/AbhiramJella/Downloads/employee-certification-portal-Voucher-lk/employee-certification-portal-Voucher/certification%20portal/node_modules/vite/dist/node/chunks/dep-BK3b2jBa.js:65550:7)
    at file:///C:/Users/AbhiramJella/Downloads/employee-certification-portal-Voucher-lk/employee-certification-portal-Voucher/certification%20portal/node_modules/rollup/dist/es/shared/node-entry.js:20995:13
    at Object.logger [as onLog] (file:///C:/Users/AbhiramJella/Downloads/employee-certification-portal-Voucher-lk/employee-certification-portal-Voucher/certification%20portal/node_modules/rollup/dist/es/shared/node-entry.js:22968:9)
    at ModuleLoader.handleInvalidResolvedId (file:///C:/Users/AbhiramJella/Downloads/employee-certification-portal-Voucher-lk/employee-certification-portal-Voucher/certification%20portal/node_modules/rollup/dist/es/shared/node-entry.js:21712:26)
    at file:///C:/Users/AbhiramJella/Downloads/employee-certification-portal-Voucher-lk/employee-certification-portal-Voucher/certification%20portal/node_modules/rollup/dist/es/shared/node-entry.js:21670:26[39m
npm error Lifecycle script `build` failed with error:
npm error code 1
npm error path C:\Users\AbhiramJella\Downloads\employee-certification-portal-Voucher-lk\employee-certification-portal-Voucher\certification portal\frontend
npm error workspace frontend@0.0.0
npm error location C:\Users\AbhiramJella\Downloads\employee-certification-portal-Voucher-lk\employee-certification-portal-Voucher\certification portal\frontend
npm error command failed
npm error command C:\WINDOWS\system32\cmd.exe /d /s /c vite build
